Enter password: ****
Welcome to the MySQL monitor.  Commands end with ; or \g.
Your MySQL connection id is 1
Server version: 5.1.38-community MySQL Community Server (GPL)

Type 'help;' or '\h' for help. Type '\c' to clear the current input st

mysql>
mysql> SHOW DATABASES;
+--------------------+
| Database           |
+--------------------+
| information_schema |
| adventure          |
| adventureworks     |
| adventureworksnew  |
| app                |
| app2               |
| assignment1        |
| bhavya             |
| bookworm           |
| bookwormpro        |
| datamydatabase     |
| dear               |
| dept               |
| emp                |
| employee           |
| emplyee            |
| empolyee           |
| empp               |
| exam               |
| gain               |
| god                |
| group7             |
| hmm                |
| hobman             |
| hotelmanagement    |
| join_1             |
| my                 |
| mydata             |
| mydatadatabase     |
| mydb               |
| myinfo             |
| mysql              |
| myusers            |
| newopen            |
| pooja              |
| prime              |
| primenumber        |
| pro                |
| project            |
| rohit              |
| sandy              |
| suraj              |
| test               |
| usha               |
| vijay              |
| vivan              |
+--------------------+
46 rows in set (0.61 sec)

mysql> CREATE DATABASE TEST1;
Query OK, 1 row affected (0.03 sec)

mysql> SHOW DATABASES;
+--------------------+
| Database           |
+--------------------+
| information_schema |
| adventure          |
| adventureworks     |
| adventureworksnew  |
| app                |
| app2               |
| assignment1        |
| bhavya             |
| bookworm           |
| bookwormpro        |
| datamydatabase     |
| dear               |
| dept               |
| emp                |
| employee           |
| emplyee            |
| empolyee           |
| empp               |
| exam               |
| gain               |
| god                |
| group7             |
| hmm                |
| hobman             |
| hotelmanagement    |
| join_1             |
| my                 |
| mydata             |
| mydatadatabase     |
| mydb               |
| myinfo             |
| mysql              |
| myusers            |
| newopen            |
| pooja              |
| prime              |
| primenumber        |
| pro                |
| project            |
| rohit              |
| sandy              |
| suraj              |
| test               |
| test1              |
| usha               |
| vijay              |
| vivan              |
+--------------------+
47 rows in set (0.00 sec)

mysql> USE TEST1
Database changed
mysql> CREATE TABLE SAMPLE
    -> (ID INT NOT NULL,
    -> NAME VARCHAR(20),
    -> AGE INT,
    -> PRIMARY KEY(ID));
Query OK, 0 rows affected (0.06 sec)

mysql> SELECT * FROM SAMPLE;
Empty set (0.00 sec)

mysql> INSERT INTO SAMPLE VALUES (1,"Sujit",21);
Query OK, 1 row affected (0.03 sec)

mysql> SELECT * FROM SAMPLE;
+----+-------+------+
| ID | NAME  | AGE  |
+----+-------+------+
|  1 | Sujit |   21 |
+----+-------+------+
1 row in set (0.00 sec)

mysql> INSERT INTO SAMPLE VALUES (2,"Swapnesh",23);
Query OK, 1 row affected (0.03 sec)

mysql> SELECT * FROM SAMPLE;
+----+----------+------+
| ID | NAME     | AGE  |
+----+----------+------+
|  1 | Sujit    |   21 |
|  2 | Swapnesh |   23 |
+----+----------+------+
2 rows in set (0.00 sec)

mysql> INSERT INTO SAMPLE VALUES (2,"ketan",20);
ERROR 1062 (23000): Duplicate entry '2' for key 'PRIMARY'
mysql> INSERT INTO SAMPLE VALUES (3,"ketan",20);
Query OK, 1 row affected (0.03 sec)

mysql> INSERT INTO SAMPLE VALUES (4,"Nidhi",18);
Query OK, 1 row affected (0.03 sec)

mysql> SELECT * FROM SAMPLE;
+----+----------+------+
| ID | NAME     | AGE  |
+----+----------+------+
|  1 | Sujit    |   21 |
|  2 | Swapnesh |   23 |
|  3 | ketan    |   20 |
|  4 | Nidhi    |   18 |
+----+----------+------+
4 rows in set (0.00 sec)

mysql> ALTER TABLE SAMPLE ADD PRIMARY KEY (NAME);
ERROR 1068 (42000): Multiple primary key defined
mysql> ALTER TABLE SAMPLE ADD PRIMARY KEY (ID,NAME);
ERROR 1068 (42000): Multiple primary key defined
mysql> ALTER TABLE SAMPLE DROP PRIMARY KEY;
Query OK, 4 rows affected (0.16 sec)
Records: 4  Duplicates: 0  Warnings: 0

mysql> ALTER TABLE SAMPLE ADD PRIMARY KEY (ID,NAME);
Query OK, 4 rows affected (0.17 sec)
Records: 4  Duplicates: 0  Warnings: 0
